// Jest Snapshot v1, https://goo.gl/fbAQLP

exports[`Expect ImageComponent to have class prodcut-title 1`] = `ShallowWrapper {}`;
